// Jest Snapshot v1, https://goo.gl/fbAQLP

exports[`<ArticleHeader /> should render 1`] = `
.c4 {
  width: 100%;
  max-width: 96rem;
  margin-bottom: 2.4rem;
}

.c5 {
  font-size: 2.4rem;
  color: #4f4f4fff;
  font-style: italic;
}

.c5 .tags span::after {
  content: ', ';
}

.c5 .tags span:last-child::after {
  content: '';
}

.c5 a {
  color: #dc143c;
  -webkit-text-decoration: none;
  text-decoration: none;
  -webkit-transition: all 300msa ease-in-out;
  transition: all 300msa ease-in-out;
}

.c5 a:hover {
  -webkit-filter: brightness(50%);
  filter: brightness(50%);
}

.c2 {
  color: #000000;
  text-transform: none;
  font-size: 4.0rem;
}

.c0 {
  padding-bottom: 4.0rem;
  margin-bottom: 4.0rem;
  border-bottom: 0.1rem solid #DDDDDD;
}

.c0 .c1 {
  margin: 0;
  margin-bottom: 2.4rem;
}

.c3 {
  font-size: 2.4rem;
  margin: 2.4rem 0;
}

@media (max-width:768px) {
  .c5 {
    font-size: 1.6rem;
  }
}

@media (max-width:768px) {
  .c2 {
    font-size: 3.2rem;
  }
}

@media (max-width:768px) {
  .c3 {
    font-size: 1.6rem;
  }
}

<div>
  <div
    class="c0"
  >
    <h1
      class="c1 c2"
    >
      titulo qualquer
    </h1>
    <p
      class="c3"
    >
      uma descrição que vou criando enquanto penso na descrição
    </p>
    <div
      class=""
    >
      <div>
        <img
          alt="um alt image"
          class="c4"
          src="https://miro.medium.com/max/640/0*i1v1In2Tn4Stnwnl.jpg"
        />
        <em>
          <div
            class="c5 id-component-article-meta"
          >
            <span
              class=""
            >
              <p>
                Por
                 
                <a
                  href="/author/brian"
                >
                  <strong>
                    Brian
                  </strong>
                </a>
                 
                em 
                <time
                  datetime="2022-10-05T02:48:15.628Z"
                >
                  4 de out. de 2022
                  , 
                </time>
                <a
                  href="/category/tecnologia"
                >
                  <strong>
                    Tecnologia, 
                  </strong>
                </a>
                <span
                  class="tags"
                >
                  <span>
                    <a
                      href="/tags/react"
                    >
                      React
                    </a>
                  </span>
                  <span>
                    <a
                      href="/tags/docker"
                    >
                      Docker
                    </a>
                  </span>
                </span>
              </p>
            </span>
          </div>
        </em>
      </div>
    </div>
  </div>
</div>
`;
