// Jest Snapshot v1, https://goo.gl/fbAQLP

exports[`<Footer /> should render 1`] = `
.c2 {
  font-size: 2.4rem;
}

.c0 {
  text-align: center;
  font-size: 1.6rem;
  border-top: 0.1rem solid #DDDDDD;
  background-color: white;
}

.c0 a {
  color: inherit;
  -webkit-text-decoration: none;
  text-decoration: none;
  font-size: 1.6rem;
}

.c0 .c1 {
  font-size: 1.6rem;
}

<div>
  <div
    class="c0"
  >
    <div
      class="c1 c2"
    >
      teste
    </div>
  </div>
</div>
`;
