// Jest Snapshot v1, https://goo.gl/fbAQLP

exports[`<PostCard /> should render correctly 1`] = `
.c3 {
  color: #000000;
  text-transform: none;
  font-size: 2.4rem;
}

.c0 .c2 {
  margin: 0;
  margin-top: calc( 1.6rem - 6px );
}

.c0 a {
  -webkit-text-decoration: none;
  text-decoration: none;
  color: inherit;
  -webkit-transition: all 300ms ease-in-out;
  transition: all 300ms ease-in-out;
}

.c0:hover a {
  color: #dc143c;
}

.c0:hover img {
  opacity: 0.8;
}

.c1 {
  max-width: 100%;
  -webkit-transition: opacity 300ms ease-in-out;
  transition: opacity 300ms ease-in-out;
}

<div>
  <div
    class="c0"
  >
    <a
      href="/post/test"
    >
      <img
        alt="um alt image"
        class="c1"
        src="https://miro.medium.com/max/640/0*i1v1In2Tn4Stnwnl.jpg"
      />
    </a>
    <h2
      class="c2 c3"
    >
      <a
        href="/post/test"
      >
        titulo qualquer
      </a>
    </h2>
    <p
      class=""
    >
      uma descrição que vou criando enquanto penso na descrição
    </p>
  </div>
</div>
`;
